// Jest Snapshot v1, https://goo.gl/fbAQLP

exports[`<List/> component should render correctly 1`] = `
<ul
  className="list"
>
  <ListItem
    complete={false}
    description="test-description"
    editing={false}
    id={Symbol(test-id)}
    index={0}
    key="0: test-description"
  />
  <ListItem
    complete={true}
    description="test-description"
    editing={true}
    id={Symbol(test-id)}
    index={1}
    key="1: test-description"
  />
</ul>
`;
